[1;38;2;205;214;244msmall[m  [48;2;249;226;175m [m[1;38;2;30;30;46;48;2;249;226;175m⎇ main[m[48;2;249;226;175m [m                                                                 
[38;2;245;194;231m╭──────────────────────────────────────────────────────────────────────────────╮[m
[38;2;245;194;231m│[m [1;38;2;205;214;244mCommit[m                                                                       [38;2;245;194;231m│[m
[38;2;245;194;231m│[m[38;2;90;64;73m──────────────────────────────────────────────────────────────────────────────[m[38;2;245;194;231m│[m
[38;2;245;194;231m│[m[37m┃ [madd a thing                                                                 [38;2;245;194;231m│[m
[38;2;245;194;231m│[m[37m┃ [m                                                                            [38;2;245;194;231m│[m
[38;2;245;194;231m│[m[40m[37m┃ [m[m[40mBecause the other thing needed it.[m[40m[7m [m[m[40m[m[40m                                         [m[38;2;245;194;231m│[m
[38;2;245;194;231m│[m[37m┃ [m[30m                                                                            [m[38;2;245;194;231m│[m
[38;2;245;194;231m│[m[37m┃ [m[30m                                                                            [m[38;2;245;194;231m│[m
[38;2;245;194;231m│[m[37m┃ [m[30m                                                                            [m[38;2;245;194;231m│[m
[38;2;245;194;231m│[m[37m┃ [m[30m                                                                            [m[38;2;245;194;231m│[m
[38;2;245;194;231m│[m[37m┃ [m[30m                                                                            [m[38;2;245;194;231m│[m
[38;2;245;194;231m│[m[37m┃ [m[30m                                                                            [m[38;2;245;194;231m│[m
[38;2;245;194;231m│[m[37m┃ [m[30m                                                                            [m[38;2;245;194;231m│[m
[38;2;245;194;231m│[m[37m┃ [m[30m                                                                            [m[38;2;245;194;231m│[m
[38;2;245;194;231m│[m[37m┃ [m[30m                                                                            [m[38;2;245;194;231m│[m
[38;2;245;194;231m│[m[37m┃ [m[30m                                                                            [m[38;2;245;194;231m│[m
[38;2;245;194;231m│[m[37m┃ [m[30m                                                                            [m[38;2;245;194;231m│[m
[38;2;245;194;231m│[m[37m┃ [m[30m                                                                            [m[38;2;245;194;231m│[m
[38;2;245;194;231m│[m[37m┃ [m[30m                                                                            [m[38;2;245;194;231m│[m
[38;2;245;194;231m│[m[37m┃ [m[30m                                                                            [m[38;2;245;194;231m│[m
[38;2;245;194;231m│[m[37m┃ [m[30m                                                                            [m[38;2;245;194;231m│[m
[38;2;245;194;231m╰──────────────────────────────────────────────────────────────────────────────╯[m
[38;2;245;194;231mctrl+s[m [38;2;108;112;134mcommit[m  [38;2;245;194;231mesc[m [38;2;108;112;134mcancel[m  [38;2;245;194;231m?[m [38;2;108;112;134mhelp[m                                               